Building web extension from firefox_temp_build
Waiting for validation...

WebExtError: Submission failed (2): Conflict
{
  "version": [
    "Version 2.1.6 already exists."
  ]
}
    at file:///tmp/bunx-1000-web-ext@latest/node_modules/web-ext/lib/cmd/sign.js:101:13
    at process.processTicksAndRejections (node:internal/process/task_queues:103:5)
    at async Program.execute (file:///tmp/bunx-1000-web-ext@latest/node_modules/web-ext/lib/program.js:270:7)
    at async file:///tmp/bunx-1000-web-ext@latest/node_modules/web-ext/bin/web-ext.js:13:1

Created anchor_chrome_v2.1.6_20261004_144239.zip
Created unpacked directory: firefox_build
Created anchor_firefox_v2.1.6_20261004_144239.xpi

Signing Firefox addon...
Traceback (most recent call last):
  File "/mnt/0946E88701BE265B/portable/Extension/Anchor/make_extension.py", line 192, in <module>
    signed_firefox_file = sign_firefox(args.version) if args.sign else None
                          ~~~~~~~~~~~~^^^^^^^^^^^^^^
  File "/mnt/0946E88701BE265B/portable/Extension/Anchor/make_extension.py", line 138, in sign_firefox
    subprocess.run(cmd, check=True, env=sign_env)
    ~~~~~~~~~~~~~~^^^^^^^^^^^^^^^^^^^^^^^^^^^^^^^
  File "/home/admin/.local/share/uv/python/cpython-3.14-linux-x86_64-gnu/lib/python3.14/subprocess.py", line 577, in run
    raise CalledProcessError(retcode, process.args,
                             output=stdout, stderr=stderr)
subprocess.CalledProcessError: Command '['bunx', 'web-ext', 'sign', '--channel', 'listed', '--source-dir', 'firefox_temp_build', '--artifacts-dir', './web-ext-artifacts', '--approval-timeout', '0']' returned non-zero exit status 1.
